RAM Allocation [bytes]
Variable                                                                          Address   Size
------------------------------------------------------------------------------------------------
fix16_sin                                                                         0x0300     504
x                                                                                 0x04F8       4
sin_ugol                                                                          0x04FC     800
result                                                                            0x081C       4
A                                                                                 0x0820       4
error                                                                             0x0824       4
time12                                                                            0x0828       2
flag                                                                              0x082A       2
integral                                                                          0x082C       4
previous_error                                                                    0x0830       4
derivative                                                                        0x0834       4
Kp                                                                                0x0838       2
Ki                                                                                0x083A       2
Kd                                                                                0x083C       2
flagPWM                                                                           0x083E       1
pwm_value                                                                         0x083F       4
flagT                                                                             0x0843       1
flagA                                                                             0x0844       1
flagP                                                                             0x0845       1
flagI                                                                             0x0846       1
flagD                                                                             0x0847       1
_seed (stdlib.lib)                                                                0x0848       4

EEPROM Allocation [bytes]
Variable                                                                          Address   Size
------------------------------------------------------------------------------------------------

Register Allocation
Variable                                                                          Register  Size
------------------------------------------------------------------------------------------------
i                                                                                 R3,R4        2
k                                                                                 R5,R6        2
ugol                                                                              R7,R8        2
byte1                                                                             R10          1
byte2                                                                             R9           1
byte3                                                                             R12          1
byte4                                                                             R11          1
T                                                                                 R13,R14      2

FLASH Allocation [words]
Function                                                                          Address   Size
------------------------------------------------------------------------------------------------
generSin                                                                          0x0008B     41
generSinUgol                                                                      0x000B4     47
my_abs                                                                            0x000E3     10
ext_int0_isr                                                                      0x000ED      1
timer0_ovf_isr                                                                    0x000EE     81
usartRX_data                                                                      0x0013F    159
main                                                                              0x001DE    314
putchar                                                                           0x00318     10
ftrunc                                                                            0x00322     48
floor                                                                             0x00352     22
sin                                                                               0x00368    101
