RAM Allocation [bytes]
Variable                                                                          Address   Size
------------------------------------------------------------------------------------------------
fix16_sin                                                                         0x0300     512
x                                                                                 0x0500       4
sin_ugol                                                                          0x0504     800
rx_packet                                                                         0x0824      10
rx_index                                                                          0x082E       1
packet_received                                                                   0x082F       1
ugol                                                                              0x0830       2
result                                                                            0x0832       4
A                                                                                 0x0836       4
error                                                                             0x083A       4
integral                                                                          0x083E       4
previous_error                                                                    0x0842       4
derivative                                                                        0x0846       4
Kp                                                                                0x084A       2
Ki                                                                                0x084C       2
Kd                                                                                0x084E       2
flagPWM                                                                           0x0850       1
pwm_value                                                                         0x0851       4
state (control_system_pendukum.c)                                                 0x0855       1
_seed (stdlib.lib)                                                                0x0856       4

EEPROM Allocation [bytes]
Variable                                                                          Address   Size
------------------------------------------------------------------------------------------------

Register Allocation
Variable                                                                          Register  Size
------------------------------------------------------------------------------------------------
i                                                                                 R3,R4        2
k                                                                                 R5,R6        2
byte1                                                                             R8           1
byte2                                                                             R7           1
byte3                                                                             R10          1
byte4                                                                             R9           1
T                                                                                 R11,R12      2
time12                                                                            R13,R14      2

FLASH Allocation [words]
Function                                                                          Address   Size
------------------------------------------------------------------------------------------------
setPORTS                                                                          0x0008B     11
setCLK                                                                            0x00096      7
setTimers                                                                         0x0009D     36
setEXT                                                                            0x000C1     10
uartconfig                                                                        0x000CB     24
send_byte                                                                         0x000E3      7
calculate_crc                                                                     0x000EA     25
generSin                                                                          0x00103     42
generSinUgol                                                                      0x0012D     48
my_abs                                                                            0x0015D     10
ext_int0_isr                                                                      0x00167     23
timer0_ovf_isr                                                                    0x0017E    270
usartRX_data                                                                      0x0028C    182
main                                                                              0x00342     28
putchar                                                                           0x0035E     10
ftrunc                                                                            0x00368     48
floor                                                                             0x00398     16
sin                                                                               0x003A8    101
